[2026-09-17T01:52:10.608293+07:00] galonku.INFO: [register] user #4 {"user_id":4,"payload":{"email":"budi@example.com"}} []
[2026-09-17T01:52:18.098090+07:00] galonku.INFO: [login] user #1 {"user_id":1,"payload":{"email":"admin@galonku.com"}} []
[2026-09-17T01:52:20.762908+07:00] galonku.WARNING: Login gagal {"email":"admin@galonku.com"} []
[2026-09-17T01:52:22.891164+07:00] galonku.WARNING: Login gagal {"email":"ghost@test.com"} []
[2026-09-17T01:52:25.685776+07:00] galonku.INFO: [login] user #1 {"user_id":1,"payload":{"email":"admin@galonku.com"}} []
[2026-09-17T01:52:30.650868+07:00] galonku.INFO: [login] user #1 {"user_id":1,"payload":{"email":"admin@galonku.com"}} []
[2026-09-17T01:52:35.312814+07:00] galonku.INFO: [login] user #1 {"user_id":1,"payload":{"email":"admin@galonku.com"}} []
[2026-09-17T01:52:37.854766+07:00] galonku.INFO: [login] user #1 {"user_id":1,"payload":{"email":"admin@galonku.com"}} []
[2026-09-17T01:52:42.459402+07:00] galonku.INFO: [login] user #1 {"user_id":1,"payload":{"email":"admin@galonku.com"}} []
[2026-09-17T01:52:42.466606+07:00] galonku.INFO: [logout] user #1 {"user_id":1,"payload":null} []
[2026-09-17T01:52:45.098941+07:00] galonku.INFO: [login] user #3 {"user_id":3,"payload":{"email":"user@galonku.com"}} []
[2026-09-17T01:52:47.881646+07:00] galonku.INFO: [login] user #2 {"user_id":2,"payload":{"email":"kurir@galonku.com"}} []
[2026-09-17T01:52:50.502538+07:00] galonku.INFO: [login] user #1 {"user_id":1,"payload":{"email":"admin@galonku.com"}} []
[2026-09-17T01:52:53.271145+07:00] galonku.INFO: [login] user #2 {"user_id":2,"payload":{"email":"kurir@galonku.com"}} []
[2026-09-17T01:52:57.828455+07:00] galonku.INFO: [login] user #1 {"user_id":1,"payload":{"email":"admin@galonku.com"}} []
[2026-09-17T01:53:00.710623+07:00] galonku.INFO: [login] user #1 {"user_id":1,"payload":{"email":"admin@galonku.com"}} []
[2026-09-17T01:53:00.718803+07:00] galonku.INFO: [create] customer #4 {"user_id":1,"payload":null} []
[2026-09-17T01:53:03.371186+07:00] galonku.INFO: [login] user #1 {"user_id":1,"payload":{"email":"admin@galonku.com"}} []
[2026-09-17T01:53:05.993857+07:00] galonku.INFO: [login] user #1 {"user_id":1,"payload":{"email":"admin@galonku.com"}} []
[2026-09-17T01:53:08.956423+07:00] galonku.INFO: [login] user #1 {"user_id":1,"payload":{"email":"admin@galonku.com"}} []
[2026-09-17T01:53:11.507487+07:00] galonku.INFO: [login] user #1 {"user_id":1,"payload":{"email":"admin@galonku.com"}} []
[2026-09-17T01:53:11.516649+07:00] galonku.INFO: [create] customer #4 {"user_id":1,"payload":null} []
[2026-09-17T01:53:11.532773+07:00] galonku.INFO: [update] customer #4 {"user_id":1,"payload":{"name":"Updated"}} []
[2026-09-17T01:53:14.340199+07:00] galonku.INFO: [login] user #1 {"user_id":1,"payload":{"email":"admin@galonku.com"}} []
[2026-09-17T01:53:14.350472+07:00] galonku.INFO: [create] customer #4 {"user_id":1,"payload":null} []
[2026-09-17T01:53:14.357595+07:00] galonku.INFO: [delete] customer #4 {"user_id":1,"payload":null} []
[2026-09-17T01:53:19.165399+07:00] galonku.INFO: [login] user #1 {"user_id":1,"payload":{"email":"admin@galonku.com"}} []
[2026-09-17T01:53:21.937556+07:00] galonku.INFO: [login] user #1 {"user_id":1,"payload":{"email":"admin@galonku.com"}} []
[2026-09-17T01:53:26.797599+07:00] galonku.INFO: [login] user #1 {"user_id":1,"payload":{"email":"admin@galonku.com"}} []
[2026-09-17T01:53:29.427843+07:00] galonku.INFO: [login] user #1 {"user_id":1,"payload":{"email":"admin@galonku.com"}} []
[2026-09-17T01:53:32.152608+07:00] galonku.INFO: [login] user #1 {"user_id":1,"payload":{"email":"admin@galonku.com"}} []
[2026-09-17T01:53:34.876416+07:00] galonku.INFO: [login] user #1 {"user_id":1,"payload":{"email":"admin@galonku.com"}} []
[2026-09-17T01:53:39.778404+07:00] galonku.ERROR: SQLSTATE[42S02]: Base table or view not found: 1146 Table 'galonku_test.users' doesn't exist {"file":"/home/mroczect/pbl/pbl-trpl106-galonku/backend/app/Models/User.php","line":69,"trace":"#0 /home/mroczect/pbl/pbl-trpl106-galonku/backend/app/Models/User.php(69): PDO->prepare()\n#1 /home/mroczect/pbl/pbl-trpl106-galonku/backend/app/Controllers/Api/V1/AuthController.php(42): App\\Models\\User::updateLastLogin()\n#2 /home/mroczect/pbl/pbl-trpl106-galonku/backend/app/Core/Router.php(75): App\\Controllers\\Api\\V1\\AuthController->login()\n#3 /home/mroczect/pbl/pbl-trpl106-galonku/backend/tests/Support/Concerns/InteractsWithHttp.php(50): App\\Core\\Router->dispatch()\n#4 /home/mroczect/pbl/pbl-trpl106-galonku/backend/tests/Support/Concerns/InteractsWithHttp.php(21): Tests\\Support\\TestCase->call()\n#5 /home/mroczect/pbl/pbl-trpl106-galonku/backend/tests/Support/Concerns/ActsAsUser.php(10): Tests\\Support\\TestCase->post()\n#6 /home/mroczect/pbl/pbl-trpl106-galonku/backend/tests/Support/Concerns/ActsAsUser.php(18): Tests\\Support\\TestCase->loginAs()\n#7 /home/mroczect/pbl/pbl-trpl106-galonku/backend/tests/Feature/ProductTest.php(53): Tests\\Support\\TestCase->loginAsAdmin()\n#8 /home/mroczect/pbl/pbl-trpl106-galonku/backend/vendor/phpunit/phpunit/src/Framework/TestCase.php(1461): Tests\\Feature\\ProductTest->test_low_stock_endpoint()\n#9 /home/mroczect/pbl/pbl-trpl106-galonku/backend/vendor/phpunit/phpunit/src/Framework/TestCase.php(1475): PHPUnit\\Framework\\TestCase->invokeTestMethod()\n#10 /home/mroczect/pbl/pbl-trpl106-galonku/backend/vendor/phpunit/phpunit/src/Framework/TestCase.php(496): PHPUnit\\Framework\\TestCase->runTest()\n#11 /home/mroczect/pbl/pbl-trpl106-galonku/backend/vendor/phpunit/phpunit/src/Framework/TestRunner/TestRunner.php(126): PHPUnit\\Framework\\TestCase->runBare()\n#12 /home/mroczect/pbl/pbl-trpl106-galonku/backend/vendor/phpunit/phpunit/src/Framework/TestCase.php(328): PHPUnit\\Framework\\TestRunner\\TestRunner->run()\n#13 /home/mroczect/pbl/pbl-trpl106-galonku/backend/vendor/phpunit/phpunit/src/Framework/TestSuite.php(627): PHPUnit\\Framework\\TestCase->run()\n#14 /home/mroczect/pbl/pbl-trpl106-galonku/backend/vendor/phpunit/phpunit/src/Framework/TestSuite.php(420): PHPUnit\\Framework\\TestSuite->runTests()\n#15 /home/mroczect/pbl/pbl-trpl106-galonku/backend/vendor/phpunit/phpunit/src/Framework/TestSuite.php(627): PHPUnit\\Framework\\TestSuite->run()\n#16 /home/mroczect/pbl/pbl-trpl106-galonku/backend/vendor/phpunit/phpunit/src/Framework/TestSuite.php(420): PHPUnit\\Framework\\TestSuite->runTests()\n#17 /home/mroczect/pbl/pbl-trpl106-galonku/backend/vendor/phpunit/phpunit/src/Framework/TestSuite.php(627): PHPUnit\\Framework\\TestSuite->run()\n#18 /home/mroczect/pbl/pbl-trpl106-galonku/backend/vendor/phpunit/phpunit/src/Framework/TestSuite.php(420): PHPUnit\\Framework\\TestSuite->runTests()\n#19 /home/mroczect/pbl/pbl-trpl106-galonku/backend/vendor/phpunit/phpunit/src/TextUI/TestRunner.php(64): PHPUnit\\Framework\\TestSuite->run()\n#20 /home/mroczect/pbl/pbl-trpl106-galonku/backend/vendor/phpunit/phpunit/src/TextUI/Application.php(255): PHPUnit\\TextUI\\TestRunner->run()\n#21 /home/mroczect/pbl/pbl-trpl106-galonku/backend/vendor/phpunit/phpunit/phpunit(104): PHPUnit\\TextUI\\Application->run()\n#22 /home/mroczect/pbl/pbl-trpl106-galonku/backend/vendor/bin/phpunit(122): include('...')\n#23 {main}"} []
[2026-09-17T01:53:42.947713+07:00] galonku.INFO: [login] user #1 {"user_id":1,"payload":{"email":"admin@galonku.com"}} []
[2026-09-17T01:53:42.966596+07:00] galonku.INFO: [create] product #6 {"user_id":1,"payload":{"sku":"NEW-SKU-01"}} []
[2026-09-17T01:53:46.748656+07:00] galonku.INFO: [login] user #1 {"user_id":1,"payload":{"email":"admin@galonku.com"}} []
[2026-09-17T01:53:50.398223+07:00] galonku.INFO: [login] user #1 {"user_id":1,"payload":{"email":"admin@galonku.com"}} []
[2026-09-17T01:53:54.084493+07:00] galonku.INFO: [login] user #1 {"user_id":1,"payload":{"email":"admin@galonku.com"}} []
[2026-09-17T01:53:54.102012+07:00] galonku.INFO: [update] product #1 {"user_id":1,"payload":{"name":"Nama Baru","price":25000.0}} []
[2026-09-17T01:53:57.549021+07:00] galonku.INFO: [login] user #1 {"user_id":1,"payload":{"email":"admin@galonku.com"}} []
[2026-09-17T01:53:57.582572+07:00] galonku.INFO: [delete] product #1 {"user_id":1,"payload":null} []
[2026-09-17T01:54:02.084355+07:00] galonku.WARNING: Login gagal {"email":"admin@galonku.com"} []
[2026-09-17T01:54:02.446613+07:00] galonku.WARNING: Login gagal {"email":"admin@galonku.com"} []
[2026-09-17T01:54:02.806427+07:00] galonku.WARNING: Login gagal {"email":"admin@galonku.com"} []
[2026-09-17T01:54:03.166438+07:00] galonku.WARNING: Login gagal {"email":"admin@galonku.com"} []
[2026-09-17T01:54:03.527324+07:00] galonku.WARNING: Login gagal {"email":"admin@galonku.com"} []
[2026-09-17T01:54:06.056542+07:00] galonku.WARNING: Login gagal {"email":"x@y.com"} []
[2026-09-17T01:54:06.057379+07:00] galonku.WARNING: Login gagal {"email":"x@y.com"} []
[2026-09-17T01:54:06.058142+07:00] galonku.WARNING: Login gagal {"email":"x@y.com"} []
[2026-09-17T01:54:06.058690+07:00] galonku.WARNING: Login gagal {"email":"x@y.com"} []
[2026-09-17T01:54:06.059254+07:00] galonku.WARNING: Login gagal {"email":"x@y.com"} []
[2026-09-17T01:54:06.445497+07:00] galonku.INFO: [register] user #4 {"user_id":4,"payload":{"email":"fresh@test.com"}} []
[2026-09-17T01:54:08.960256+07:00] galonku.INFO: [login] user #1 {"user_id":1,"payload":{"email":"admin@galonku.com"}} []
[2026-09-17T01:54:11.383550+07:00] galonku.INFO: [login] user #1 {"user_id":1,"payload":{"email":"admin@galonku.com"}} []
[2026-09-17T01:54:11.390666+07:00] galonku.INFO: [create] customer #4 {"user_id":1,"payload":null} []
[2026-09-17T01:54:11.397499+07:00] galonku.INFO: [create] schedule #2 {"user_id":1,"payload":null} []
[2026-09-17T01:54:14.097674+07:00] galonku.INFO: [login] user #1 {"user_id":1,"payload":{"email":"admin@galonku.com"}} []
[2026-09-17T01:54:17.496622+07:00] galonku.INFO: [login] user #1 {"user_id":1,"payload":{"email":"admin@galonku.com"}} []
[2026-09-17T01:54:21.084421+07:00] galonku.INFO: [login] user #1 {"user_id":1,"payload":{"email":"admin@galonku.com"}} []
[2026-09-17T01:54:27.589764+07:00] galonku.INFO: [login] user #1 {"user_id":1,"payload":{"email":"admin@galonku.com"}} []
[2026-09-17T01:54:27.608819+07:00] galonku.INFO: [create] customer #4 {"user_id":1,"payload":null} []
[2026-09-17T01:54:27.614529+07:00] galonku.INFO: Transaksi INV-20260917-5263 dibuat {"total":60000.0} []
[2026-09-17T01:54:31.099244+07:00] galonku.INFO: [login] user #1 {"user_id":1,"payload":{"email":"admin@galonku.com"}} []
[2026-09-17T01:54:31.119771+07:00] galonku.INFO: [create] customer #4 {"user_id":1,"payload":null} []
[2026-09-17T01:54:31.139058+07:00] galonku.INFO: Transaksi INV-20260917-BE52 dibuat {"total":32000.0} []
[2026-09-17T01:54:34.668450+07:00] galonku.INFO: [login] user #1 {"user_id":1,"payload":{"email":"admin@galonku.com"}} []
[2026-09-17T01:54:34.686021+07:00] galonku.INFO: [create] customer #4 {"user_id":1,"payload":null} []
[2026-09-17T01:54:34.687893+07:00] galonku.ERROR: Stok Galon Aqua 19L tidak cukup {"file":"/home/mroczect/pbl/pbl-trpl106-galonku/backend/app/Services/TransactionService.php","line":35,"trace":"#0 /home/mroczect/pbl/pbl-trpl106-galonku/backend/app/Core/Database.php(44): App\\Services\\TransactionService::{closure:App\\Services\\TransactionService::create():13}()\n#1 /home/mroczect/pbl/pbl-trpl106-galonku/backend/app/Services/TransactionService.php(13): App\\Core\\Database::transaction()\n#2 /home/mroczect/pbl/pbl-trpl106-galonku/backend/app/Controllers/Api/V1/TransactionController.php(50): App\\Services\\TransactionService::create()\n#3 /home/mroczect/pbl/pbl-trpl106-galonku/backend/app/Core/Router.php(75): App\\Controllers\\Api\\V1\\TransactionController->store()\n#4 /home/mroczect/pbl/pbl-trpl106-galonku/backend/tests/Support/Concerns/InteractsWithHttp.php(50): App\\Core\\Router->dispatch()\n#5 /home/mroczect/pbl/pbl-trpl106-galonku/backend/tests/Support/Concerns/InteractsWithHttp.php(21): Tests\\Support\\TestCase->call()\n#6 /home/mroczect/pbl/pbl-trpl106-galonku/backend/tests/Feature/TransactionTest.php(62): Tests\\Support\\TestCase->post()\n#7 /home/mroczect/pbl/pbl-trpl106-galonku/backend/vendor/phpunit/phpunit/src/Framework/TestCase.php(1461): Tests\\Feature\\TransactionTest->test_create_fails_when_stock_insufficient()\n#8 /home/mroczect/pbl/pbl-trpl106-galonku/backend/vendor/phpunit/phpunit/src/Framework/TestCase.php(1475): PHPUnit\\Framework\\TestCase->invokeTestMethod()\n#9 /home/mroczect/pbl/pbl-trpl106-galonku/backend/vendor/phpunit/phpunit/src/Framework/TestCase.php(496): PHPUnit\\Framework\\TestCase->runTest()\n#10 /home/mroczect/pbl/pbl-trpl106-galonku/backend/vendor/phpunit/phpunit/src/Framework/TestRunner/TestRunner.php(126): PHPUnit\\Framework\\TestCase->runBare()\n#11 /home/mroczect/pbl/pbl-trpl106-galonku/backend/vendor/phpunit/phpunit/src/Framework/TestCase.php(328): PHPUnit\\Framework\\TestRunner\\TestRunner->run()\n#12 /home/mroczect/pbl/pbl-trpl106-galonku/backend/vendor/phpunit/phpunit/src/Framework/TestSuite.php(627): PHPUnit\\Framework\\TestCase->run()\n#13 /home/mroczect/pbl/pbl-trpl106-galonku/backend/vendor/phpunit/phpunit/src/Framework/TestSuite.php(420): PHPUnit\\Framework\\TestSuite->runTests()\n#14 /home/mroczect/pbl/pbl-trpl106-galonku/backend/vendor/phpunit/phpunit/src/Framework/TestSuite.php(627): PHPUnit\\Framework\\TestSuite->run()\n#15 /home/mroczect/pbl/pbl-trpl106-galonku/backend/vendor/phpunit/phpunit/src/Framework/TestSuite.php(420): PHPUnit\\Framework\\TestSuite->runTests()\n#16 /home/mroczect/pbl/pbl-trpl106-galonku/backend/vendor/phpunit/phpunit/src/Framework/TestSuite.php(627): PHPUnit\\Framework\\TestSuite->run()\n#17 /home/mroczect/pbl/pbl-trpl106-galonku/backend/vendor/phpunit/phpunit/src/Framework/TestSuite.php(420): PHPUnit\\Framework\\TestSuite->runTests()\n#18 /home/mroczect/pbl/pbl-trpl106-galonku/backend/vendor/phpunit/phpunit/src/TextUI/TestRunner.php(64): PHPUnit\\Framework\\TestSuite->run()\n#19 /home/mroczect/pbl/pbl-trpl106-galonku/backend/vendor/phpunit/phpunit/src/TextUI/Application.php(255): PHPUnit\\TextUI\\TestRunner->run()\n#20 /home/mroczect/pbl/pbl-trpl106-galonku/backend/vendor/phpunit/phpunit/phpunit(104): PHPUnit\\TextUI\\Application->run()\n#21 /home/mroczect/pbl/pbl-trpl106-galonku/backend/vendor/bin/phpunit(122): include('...')\n#22 {main}"} []
[2026-09-17T01:54:38.229365+07:00] galonku.INFO: [login] user #1 {"user_id":1,"payload":{"email":"admin@galonku.com"}} []
[2026-09-17T01:54:41.491172+07:00] galonku.INFO: [login] user #1 {"user_id":1,"payload":{"email":"admin@galonku.com"}} []
[2026-09-17T01:54:41.512544+07:00] galonku.INFO: [create] customer #4 {"user_id":1,"payload":null} []
[2026-09-17T01:54:41.515839+07:00] galonku.INFO: Transaksi INV-20260917-C4C0 dibuat {"total":20000.0} []
[2026-09-17T01:54:44.830885+07:00] galonku.INFO: [login] user #1 {"user_id":1,"payload":{"email":"admin@galonku.com"}} []
[2026-09-17T01:54:44.850584+07:00] galonku.INFO: [create] customer #4 {"user_id":1,"payload":null} []
[2026-09-17T01:54:44.853518+07:00] galonku.INFO: Transaksi INV-20260917-C8B9 dibuat {"total":20000.0} []
[2026-09-17T01:54:44.880913+07:00] galonku.INFO: [update] transaction #2 {"user_id":1,"payload":{"status":"paid","paid_amount":20000.0}} []
[2026-09-17T01:54:48.367891+07:00] galonku.INFO: [login] user #1 {"user_id":1,"payload":{"email":"admin@galonku.com"}} []
[2026-09-17T01:54:51.859132+07:00] galonku.INFO: [login] user #1 {"user_id":1,"payload":{"email":"admin@galonku.com"}} []
[2026-09-17T01:54:55.271318+07:00] galonku.INFO: [login] user #1 {"user_id":1,"payload":{"email":"admin@galonku.com"}} []
